BL51 BANKED LINKER/LOCATER V6.22                                                        06/04/2015  17:13:17  PAGE 1


BL51 BANKED LINKER/LOCATER V6.22, INVOKED BY:
C:\KEIL\C51\BIN\BL51.EXE ∂ØÃ¨œ‘ æ.obj TO ∂ØÃ¨œ‘ æ RAMSIZE (256)


MEMORY MODEL: SMALL


INPUT MODULES INCLUDED:
  ∂ØÃ¨œ‘ æ.obj (∂_Ã¨œ‘ æ)
  C:\KEIL\C51\LIB\C51S.LIB (?C_STARTUP)


LINK MAP OF MODULE:  ∂ØÃ¨œ‘ æ (∂_Ã¨œ‘ æ)


            TYPE    BASE      LENGTH    RELOCATION   SEGMENT NAME
            -----------------------------------------------------

            * * * * * * *   D A T A   M E M O R Y   * * * * * * *
            REG     0000H     0008H     ABSOLUTE     "REG BANK 0"
            IDATA   0008H     0001H     UNIT         ?STACK

            * * * * * * *   C O D E   M E M O R Y   * * * * * * *
            CODE    0000H     0003H     ABSOLUTE     
            CODE    0003H     003BH     UNIT         ?PR?DISPLAY?∂_Ã¨œ‘ æ
            CODE    003EH     000EH     UNIT         ?PR?_DELAY?∂_Ã¨œ‘ æ
            CODE    004CH     000CH     UNIT         ?C_C51STARTUP
            CODE    0058H     000AH     UNIT         ?CO?∂_Ã¨œ‘ æ
            CODE    0062H     0005H     UNIT         ?PR?MAIN?∂_Ã¨œ‘ æ



OVERLAY MAP OF MODULE:   ∂ØÃ¨œ‘ æ (∂_Ã¨œ‘ æ)


SEGMENT
  +--> CALLED SEGMENT
---------------------
?C_C51STARTUP
  +--> ?PR?MAIN?∂_Ã¨œ‘ æ

?PR?MAIN?∂_Ã¨œ‘ æ
  +--> ?PR?DISPLAY?∂_Ã¨œ‘ æ

?PR?DISPLAY?∂_Ã¨œ‘ æ
  +--> ?CO?∂_Ã¨œ‘ æ
  +--> ?PR?_DELAY?∂_Ã¨œ‘ æ



SYMBOL TABLE OF MODULE:  ∂ØÃ¨œ‘ æ (∂_Ã¨œ‘ æ)

  VALUE           TYPE          NAME
  ----------------------------------

  -------         MODULE        ∂_Ã¨œ‘ æ
  C:0000H         SYMBOL        _ICE_DUMMY_
  D:0080H         PUBLIC        P0
BL51 BANKED LINKER/LOCATER V6.22                                                      06/04/2015  17:13:17  PAGE 2


  D:0090H         PUBLIC        P1
  D:00A0H         PUBLIC        P2
  D:00B0H         PUBLIC        P3
  C:0058H         PUBLIC        table
  D:00A8H         PUBLIC        IE
  C:003EH         PUBLIC        _delay
  B:00A0H.0       PUBLIC        P2_0
  B:00A0H.1       PUBLIC        P2_1
  B:00A0H.2       PUBLIC        P2_2
  B:00A0H.3       PUBLIC        P2_3
  D:00B8H         PUBLIC        IP
  C:0062H         PUBLIC        main
  D:0098H         PUBLIC        SCON
  D:0088H         PUBLIC        TCON
  D:00C8H         PUBLIC        T2CON
  C:0003H         PUBLIC        display
  D:00D0H         PUBLIC        PSW
  -------         PROC          _DELAY
  D:0007H         SYMBOL        i
  -------         DO            
  D:0007H         SYMBOL        j
  D:0006H         SYMBOL        k
  -------         ENDDO         
  C:003EH         LINE#         29
  C:003EH         LINE#         30
  C:003EH         LINE#         32
  C:0044H         LINE#         33
  C:004BH         LINE#         34
  -------         ENDPROC       _DELAY
  -------         PROC          DISPLAY
  C:0003H         LINE#         42
  C:0003H         LINE#         43
  C:0003H         LINE#         45
  C:000AH         LINE#         46
  C:000CH         LINE#         47
  C:0011H         LINE#         48
  C:0013H         LINE#         50
  C:0018H         LINE#         51
  C:001AH         LINE#         52
  C:001FH         LINE#         53
  C:0021H         LINE#         55
  C:0026H         LINE#         56
  C:0028H         LINE#         57
  C:002DH         LINE#         58
  C:002FH         LINE#         60
  C:0034H         LINE#         61
  C:0036H         LINE#         62
  C:003BH         LINE#         63
  C:003DH         LINE#         65
  -------         ENDPROC       DISPLAY
  -------         PROC          MAIN
  C:0062H         LINE#         72
  C:0062H         LINE#         73
  C:0062H         LINE#         74
  C:0062H         LINE#         75
  C:0062H         LINE#         76
  C:0065H         LINE#         77
BL51 BANKED LINKER/LOCATER V6.22                                                      06/04/2015  17:13:17  PAGE 3


  -------         ENDPROC       MAIN
  -------         ENDMOD        ∂_Ã¨œ‘ æ

Program Size: data=9.0 xdata=0 code=103
LINK/LOCATE RUN COMPLETE.  0 WARNING(S),  0 ERROR(S)
