BL51 BANKED LINKER/LOCATER V6.22.2.0                                                    01/03/2021  18:33:26  PAGE 1


BL51 BANKED LINKER/LOCATER V6.22.2.0, INVOKED BY:
F:\KEIL_V5\C51\BIN\BL51.EXE æ≤Ã¨œ‘ æ.obj TO æ≤Ã¨œ‘ æ RAMSIZE (256)


MEMORY MODEL: SMALL


INPUT MODULES INCLUDED:
  æ≤Ã¨œ‘ æ.obj (________)
  F:\KEIL_V5\C51\LIB\C51S.LIB (?C_STARTUP)


LINK MAP OF MODULE:  æ≤Ã¨œ‘ æ (________)


            TYPE    BASE      LENGTH    RELOCATION   SEGMENT NAME
            -----------------------------------------------------

            * * * * * * *   D A T A   M E M O R Y   * * * * * * *
            REG     0000H     0008H     ABSOLUTE     "REG BANK 0"
            DATA    0008H     0002H     UNIT         _DATA_GROUP_
            IDATA   000AH     0001H     UNIT         ?STACK

            * * * * * * *   C O D E   M E M O R Y   * * * * * * *
            CODE    0000H     0003H     ABSOLUTE     
                    0003H     07FDH                  *** GAP ***
            CODE    0800H     003BH     UNIT         ?PR?MAIN?________
            CODE    083BH     001EH     UNIT         ?PR?_DELAY?________
            CODE    0859H     000CH     UNIT         ?C_C51STARTUP
            CODE    0865H     000AH     UNIT         ?CO?________



OVERLAY MAP OF MODULE:   æ≤Ã¨œ‘ æ (________)


SEGMENT                          DATA_GROUP 
  +--> CALLED SEGMENT          START    LENGTH
----------------------------------------------
?C_C51STARTUP                  -----    -----
  +--> ?PR?MAIN?________

?PR?MAIN?________              0008H    0002H
  +--> ?CO?________
  +--> ?PR?_DELAY?________



SYMBOL TABLE OF MODULE:  æ≤Ã¨œ‘ æ (________)

  VALUE           TYPE          NAME
  ----------------------------------

  -------         MODULE        ________
  C:0000H         SYMBOL        _ICE_DUMMY_
  D:0080H         PUBLIC        P0
  D:0090H         PUBLIC        P1
  D:00A0H         PUBLIC        P2
BL51 BANKED LINKER/LOCATER V6.22.2.0                                                  01/03/2021  18:33:26  PAGE 2


  D:00B0H         PUBLIC        P3
  C:0865H         PUBLIC        table
  D:00A8H         PUBLIC        IE
  C:083BH         PUBLIC        _delay
  B:00A0H.0       PUBLIC        P2_0
  B:00A0H.1       PUBLIC        P2_1
  B:00A0H.2       PUBLIC        P2_2
  B:00A0H.3       PUBLIC        P2_3
  D:00B8H         PUBLIC        IP
  C:0800H         PUBLIC        main
  D:0098H         PUBLIC        SCON
  D:0088H         PUBLIC        TCON
  D:00C8H         PUBLIC        T2CON
  D:00D0H         PUBLIC        PSW
  -------         PROC          _DELAY
  D:0006H         SYMBOL        i
  -------         DO            
  D:0006H         SYMBOL        j
  D:0004H         SYMBOL        k
  -------         ENDDO         
  C:083BH         LINE#         30
  C:083BH         LINE#         31
  C:083BH         LINE#         33
  C:0844H         LINE#         34
  C:0858H         LINE#         35
  -------         ENDPROC       _DELAY
  -------         PROC          MAIN
  -------         DO            
  D:0008H         SYMBOL        a
  -------         ENDDO         
  C:0800H         LINE#         42
  C:0800H         LINE#         43
  C:0800H         LINE#         45
  C:0808H         LINE#         46
  C:0808H         LINE#         47
  C:0808H         LINE#         48
  C:0818H         LINE#         49
  C:081FH         LINE#         50
  C:082AH         LINE#         51
  C:0834H         LINE#         53
  C:0839H         LINE#         54
  -------         ENDPROC       MAIN
  -------         ENDMOD        ________

******************************************************************************
* RESTRICTED VERSION WITH 0800H BYTE CODE SIZE LIMIT; USED: 0063H BYTE ( 4%) *
******************************************************************************

Program Size: data=11.0 xdata=0 code=114
LINK/LOCATE RUN COMPLETE.  0 WARNING(S),  0 ERROR(S)
