BL51 BANKED LINKER/LOCATER V6.22                                                        01/08/2023  18:52:18  PAGE 1


BL51 BANKED LINKER/LOCATER V6.22, INVOKED BY:
D:\KR-51\51RG\KEIL5 C51\KEIL51\C51\BIN\BL51.EXE .\Objects\Delay.obj, .\Objects\Ket.obj, .\Objects\Nixie.obj, .\Objects\∑
>> ‰√˘∆˜≤•∑≈∞¥º¸Ã· æ“Ù-1.obj, .\Objects\buzzer.obj TO .\Objects\∑‰√˘∆˜≤•∑≈∞¥º¸Ã· æ“Ù-1 PRINT (.\Listings\∑‰√˘∆˜≤•∑≈∞¥º¸Ã
>> · æ“Ù-1.m51) RAMSIZE (256)


MEMORY MODEL: SMALL


INPUT MODULES INCLUDED:
  .\Objects\Delay.obj (DELAY)
  .\Objects\Ket.obj (KET)
  .\Objects\Nixie.obj (NIXIE)
  .\Objects\∑‰√˘∆˜≤•∑≈∞¥º¸Ã· æ“Ù-1.obj (_____________________1)
  .\Objects\buzzer.obj (BUZZER)
  D:\KR-51\51RG\KEIL5 C51\KEIL51\C51\LIB\C51S.LIB (?C_STARTUP)
  D:\KR-51\51RG\KEIL5 C51\KEIL51\C51\LIB\C51S.LIB (?C_INIT)


LINK MAP OF MODULE:  .\Objects\∑‰√˘∆˜≤•∑≈∞¥º¸Ã· æ“Ù-1 (DELAY)


            TYPE    BASE      LENGTH    RELOCATION   SEGMENT NAME
            -----------------------------------------------------

            * * * * * * *   D A T A   M E M O R Y   * * * * * * *
            REG     0000H     0008H     ABSOLUTE     "REG BANK 0"
            DATA    0008H     000AH     UNIT         ?DT?NIXIE
            DATA    0012H     0006H     UNIT         _DATA_GROUP_
            DATA    0018H     0003H     UNIT         ?DT?_____________________1
            IDATA   001BH     0001H     UNIT         ?STACK

            * * * * * * *   C O D E   M E M O R Y   * * * * * * *
            CODE    0000H     0003H     ABSOLUTE     
            CODE    0003H     008CH     UNIT         ?C_C51STARTUP
            CODE    008FH     005FH     UNIT         ?PR?KEY?KET
            CODE    00EEH     0028H     UNIT         ?PR?_BUZZER_TIME?BUZZER
            CODE    0116H     0025H     UNIT         ?PR?_NIXIE?NIXIE
            CODE    013BH     001FH     UNIT         ?PR?MAIN?_____________________1
            CODE    015AH     0019H     UNIT         ?PR?_DELAY?DELAY
            CODE    0173H     000DH     UNIT         ?C_INITSEG



OVERLAY MAP OF MODULE:   .\Objects\∑‰√˘∆˜≤•∑≈∞¥º¸Ã· æ“Ù-1 (DELAY)


SEGMENT                                   DATA_GROUP 
  +--> CALLED SEGMENT                   START    LENGTH
-------------------------------------------------------
?C_C51STARTUP                           -----    -----
  +--> ?PR?MAIN?_____________________1
  +--> ?C_INITSEG

?PR?MAIN?_____________________1         -----    -----
  +--> ?PR?_NIXIE?NIXIE
  +--> ?PR?KEY?KET
  +--> ?PR?_BUZZER_TIME?BUZZER
BL51 BANKED LINKER/LOCATER V6.22                                                      01/08/2023  18:52:18  PAGE 2



?PR?KEY?KET                             0012H    0001H
  +--> ?PR?_DELAY?DELAY

?PR?_DELAY?DELAY                        0016H    0002H

?PR?_BUZZER_TIME?BUZZER                 0012H    0004H
  +--> ?PR?_DELAY?DELAY



SYMBOL TABLE OF MODULE:  .\Objects\∑‰√˘∆˜≤•∑≈∞¥º¸Ã· æ“Ù-1 (DELAY)

  VALUE           TYPE          NAME
  ----------------------------------

  -------         MODULE        DELAY
  C:0000H         SYMBOL        _ICE_DUMMY_
  C:015AH         PUBLIC        _Delay
  -------         PROC          _DELAY
  D:0006H         SYMBOL        xms
  -------         DO            
  D:0016H         SYMBOL        i
  D:0017H         SYMBOL        j
  -------         ENDDO         
  C:015AH         LINE#         2
  C:015AH         LINE#         3
  C:015AH         LINE#         4
  C:015EH         LINE#         5
  C:015EH         LINE#         8
  C:015FH         LINE#         9
  C:0162H         LINE#         10
  C:0165H         LINE#         12
  C:0165H         LINE#         13
  C:0168H         LINE#         14
  C:016BH         LINE#         15
  C:0170H         LINE#         16
  C:0172H         LINE#         18
  -------         ENDPROC       _DELAY
  -------         ENDMOD        DELAY

  -------         MODULE        KET
  C:0000H         SYMBOL        _ICE_DUMMY_
  B:00B0H.2       PUBLIC        P3_2
  B:00B0H.3       PUBLIC        P3_3
  B:00B0H.4       PUBLIC        P3_4
  B:00B0H.5       PUBLIC        P3_5
  C:008FH         PUBLIC        Key
  -------         PROC          KEY
  -------         DO            
  D:0012H         SYMBOL        KeyNumber
  -------         ENDDO         
  C:008FH         LINE#         4
  C:008FH         LINE#         5
  C:008FH         LINE#         7
  C:00A6H         LINE#         8
  C:00BDH         LINE#         9
BL51 BANKED LINKER/LOCATER V6.22                                                      01/08/2023  18:52:18  PAGE 3


  C:00D4H         LINE#         10
  C:00EBH         LINE#         11
  C:00EDH         LINE#         12
  -------         ENDPROC       KEY
  -------         ENDMOD        KET

  -------         MODULE        NIXIE
  C:0000H         SYMBOL        _ICE_DUMMY_
  C:0116H         PUBLIC        _Nixie
  D:0080H         PUBLIC        P0
  B:00A0H.0       PUBLIC        P2_0
  B:00A0H.1       PUBLIC        P2_1
  B:00A0H.2       PUBLIC        P2_2
  B:00A0H.3       PUBLIC        P2_3
  D:0008H         PUBLIC        NixieTable
  -------         PROC          _NIXIE
  D:0007H         SYMBOL        location
  D:0005H         SYMBOL        number
  C:0116H         LINE#         6
  C:0116H         LINE#         7
  C:0116H         LINE#         8
  C:0125H         LINE#         9
  C:0125H         LINE#         10
  C:0129H         LINE#         11
  C:012DH         LINE#         12
  C:0131H         LINE#         13
  C:0133H         LINE#         15
  C:0133H         LINE#         16
  C:013AH         LINE#         19
  -------         ENDPROC       _NIXIE
  -------         ENDMOD        NIXIE

  -------         MODULE        _____________________1
  C:0000H         SYMBOL        _ICE_DUMMY_
  C:013BH         PUBLIC        main
  D:0018H         PUBLIC        KeyNum
  D:0019H         PUBLIC        j
  -------         PROC          MAIN
  C:013BH         LINE#         9
  C:013BH         LINE#         10
  C:013BH         LINE#         12
  C:0142H         LINE#         13
  C:0142H         LINE#         14
  C:0142H         LINE#         15
  C:0147H         LINE#         16
  C:014BH         LINE#         17
  C:014BH         LINE#         18
  C:0151H         LINE#         19
  C:0158H         LINE#         20
  C:0158H         LINE#         21
  -------         ENDPROC       MAIN
  -------         ENDMOD        _____________________1

  -------         MODULE        BUZZER
  C:0000H         SYMBOL        _ICE_DUMMY_
  D:00A0H         PUBLIC        P2
  B:00A0H.5       PUBLIC        Buzzer
BL51 BANKED LINKER/LOCATER V6.22                                                      01/08/2023  18:52:18  PAGE 4


  C:00EEH         PUBLIC        _Buzzer_Time
  -------         PROC          _BUZZER_TIME
  D:0012H         SYMBOL        ms
  -------         DO            
  D:0014H         SYMBOL        i
  -------         ENDDO         
  C:00EEH         LINE#         6
  C:00F2H         LINE#         7
  C:00F2H         LINE#         9
  C:00FDH         LINE#         10
  C:00FDH         LINE#         11
  C:00FFH         LINE#         12
  C:0106H         LINE#         13
  C:010EH         LINE#         14
  C:0110H         LINE#         15
  C:0115H         LINE#         16
  -------         ENDPROC       _BUZZER_TIME
  -------         ENDMOD        BUZZER

Program Size: data=28.0 xdata=0 code=384
LINK/LOCATE RUN COMPLETE.  0 WARNING(S),  0 ERROR(S)
